04-13 13:12:10.700 24162 24192 I TestRunner: started: Test3_successfulLogin(com.example.ezinvoicebusiness.espressotests.LoginTests.LoginTests)
04-13 13:12:10.708 24162 24192 W ActivityTestRule: getActivityIntent() returned null using default: Intent(Intent.ACTION_MAIN)
04-13 13:12:10.713   528   550 D EventSequenceValidator: inc AccIntentStartedEvents to 2
04-13 13:12:10.718   398   398 I perfetto: ing_service_impl.cc:758 Configured tracing session 2534, #sources:1, duration:5000 ms, #buffers:1, total buffer size:4096 KB, total sessions:1, uid:1071 session name: ""
04-13 13:12:10.719   396   396 I perfetto: probes_producer.cc:230  Ftrace setup (target_buf=2534)
04-13 13:12:10.734   528  4459 W InputReader: Device virtio_input_multi_touch_9 is associated with display ADISPLAY_ID_NONE.
04-13 13:12:10.734   528  4459 W InputReader: Device virtio_input_multi_touch_7 is associated with display ADISPLAY_ID_NONE.
04-13 13:12:10.734   528  4459 W InputReader: Device virtio_input_multi_touch_10 is associated with display ADISPLAY_ID_NONE.
04-13 13:12:10.734   528  4459 W InputReader: Device virtio_input_multi_touch_4 is associated with display ADISPLAY_ID_NONE.
04-13 13:12:10.734   528  4459 W InputReader: Device virtio_input_multi_touch_11 is associated with display ADISPLAY_ID_NONE.
04-13 13:12:10.734   528  4459 W InputReader: Device virtio_input_multi_touch_5 is associated with display ADISPLAY_ID_NONE.
04-13 13:12:10.734   528  4459 W InputReader: Device virtio_input_multi_touch_2 is associated with display ADISPLAY_ID_NONE.
04-13 13:12:10.734   528  4459 W InputReader: Device virtio_input_multi_touch_6 is associated with display ADISPLAY_ID_NONE.
04-13 13:12:10.734   528  4459 W InputReader: Device virtio_input_multi_touch_3 is associated with display ADISPLAY_ID_NONE.
04-13 13:12:10.734   528  4459 W InputReader: Device virtio_input_multi_touch_8 is associated with display ADISPLAY_ID_NONE.
04-13 13:12:10.734   528  4459 W InputReader: Device virtio_input_multi_touch_9 is associated with display ADISPLAY_ID_NONE.
04-13 13:12:10.734   528  4459 W InputReader: Device virtio_input_multi_touch_7 is associated with display ADISPLAY_ID_NONE.
04-13 13:12:10.734   528  4459 W InputReader: Device virtio_input_multi_touch_10 is associated with display ADISPLAY_ID_NONE.
04-13 13:12:10.734   528  4459 W InputReader: Device virtio_input_multi_touch_4 is associated with display ADISPLAY_ID_NONE.
04-13 13:12:10.734   528  4459 W InputReader: Device virtio_input_multi_touch_11 is associated with display ADISPLAY_ID_NONE.
04-13 13:12:10.735   528  4459 W InputReader: Device virtio_input_multi_touch_5 is associated with display ADISPLAY_ID_NONE.
04-13 13:12:10.735   528  4459 W InputReader: Device virtio_input_multi_touch_2 is associated with display ADISPLAY_ID_NONE.
04-13 13:12:10.735   528  4459 W InputReader: Device virtio_input_multi_touch_6 is associated with display ADISPLAY_ID_NONE.
04-13 13:12:10.735   528  4459 W InputReader: Device virtio_input_multi_touch_3 is associated with display ADISPLAY_ID_NONE.
04-13 13:12:10.735   528  4459 W InputReader: Device virtio_input_multi_touch_8 is associated with display ADISPLAY_ID_NONE.
04-13 13:12:10.738 20005 24203 V FA      : Recording user engagement, ms: 131444
04-13 13:12:10.745 24162 24194 V FA      : App measurement collection enabled
04-13 13:12:10.745 24162 24194 V FA      : App measurement enabled for app package, google app id: com.example.ezinvoicebusiness, 1:552605118073:android:91260e94d3a3e877a56ea8
04-13 13:12:10.747 24162 24194 I FA      : App measurement initialized, version: 60000
04-13 13:12:10.748 24162 24194 I FA      : To enable debug logging run: adb shell setprop log.tag.FA VERBOSE
04-13 13:12:10.748 24162 24194 I FA      : To enable faster debug mode event logging run:
04-13 13:12:10.748 24162 24194 I FA      :   adb shell setprop debug.firebase.analytics.app com.example.ezinvoicebusiness
04-13 13:12:10.748 24162 24194 D FA      : Debug-level message logging enabled
04-13 13:12:10.759   396   396 I perfetto: ftrace_procfs.cc:176    enabled ftrace
04-13 13:12:10.770   306   306 D goldfish-address-space: claimShared: Ask to claim region [0x3ec000000 0x3ec9a4000]
04-13 13:12:10.834 20005 24203 V FA      : Using local app measurement service
04-13 13:12:10.835 24162 24209 D libEGL  : loaded /vendor/lib/egl/libEGL_emulation.so
04-13 13:12:10.840   306   306 D goldfish-address-space: claimShared: Ask to claim region [0x3ec9a4000 0x3ed348000]
04-13 13:12:10.850 24162 24209 D libEGL  : loaded /vendor/lib/egl/libGLESv1_CM_emulation.so
04-13 13:12:10.861 24162 24209 D libEGL  : loaded /vendor/lib/egl/libGLESv2_emulation.so
04-13 13:12:10.862 20005 24203 V FA      : Connection attempt already in progress
04-13 13:12:10.862 20005 24203 V FA      : Activity paused, time: 490883448
04-13 13:12:10.865 20005 20005 V FA      : Local AppMeasurementService is starting up
04-13 13:12:10.870 20005 20005 V FA      : Bound to IMeasurementService interface
04-13 13:12:10.884 20005 24203 V FA      : Connected to service
04-13 13:12:10.892 20005 24203 V FA      : Processing queued up service tasks: 2
04-13 13:12:10.906 24162 24162 D LifecycleMonitor: Lifecycle status change: com.example.ezinvoicebusiness.LoginActivity@ff0a4a6 in: PRE_ON_CREATE
04-13 13:12:10.942 24162 24190 V FA      : onActivityCreated
04-13 13:12:10.956 20005 24203 V FA      : Logging event: origin=auto,name=user_engagement(_e),params=Bundle[{ga_event_origin(_o)=auto, engagement_time_msec(_et)=131444, ga_screen_class(_sc)=LoginActivity, ga_screen_id(_si)=3363475505617420819}]
04-13 13:12:10.958 20005 24203 D FA      : Unable to get advertising id: com.google.android.gms.common.GooglePlayServicesNotAvailableException: com.google.android.gms.measurement.internal.zzjo.zza(com.google.android.gms:play-services-measurement@@20.1.1:10)
04-13 13:12:10.964 24162 24194 V FA      : Checking service availability
04-13 13:12:10.970 24162 24194 W GooglePlayServicesUtil: com.example.ezinvoicebusiness requires the Google Play Store, but it is missing.
04-13 13:12:10.971 24162 24194 W FA      : Service invalid
04-13 13:12:10.973 24162 24194 V FA      : Using local app measurement service
04-13 13:12:10.977 20005 24203 V FA      : Upload scheduled in approximately ms: 1164845
04-13 13:12:10.979 20005 24203 V FA      : Unscheduling upload
04-13 13:12:10.983 20005 24203 V FA      : Scheduling upload, millis: 1164845
04-13 13:12:10.986 24162 24194 V FA      : Connection attempt already in progress
04-13 13:12:10.990 20005 24203 V FA      : Background event processing time, ms: 35
04-13 13:12:10.996 24162 24194 V FA      : Connection attempt already in progress
04-13 13:12:11.028 24162 24162 W invoicebusines: Accessing hidden method Landroid/view/View;->computeFitSystemWindows(Landroid/graphics/Rect;Landroid/graphics/Rect;)Z (greylist, reflection, allowed)
04-13 13:12:11.028 24162 24162 W invoicebusines: Accessing hidden method Landroid/view/ViewGroup;->makeOptionalFitsSystemWindows()V (greylist, reflection, allowed)
04-13 13:12:11.184 24162 24162 D LifecycleMonitor: Lifecycle status change: com.example.ezinvoicebusiness.LoginActivity@ff0a4a6 in: CREATED
04-13 13:12:11.194 24162 24162 D LifecycleMonitor: Lifecycle status change: com.example.ezinvoicebusiness.LoginActivity@ff0a4a6 in: STARTED
04-13 13:12:11.196 24162 24162 D LifecycleMonitor: Lifecycle status change: com.example.ezinvoicebusiness.LoginActivity@ff0a4a6 in: RESUMED
04-13 13:12:11.197 24162 24194 V FA      : Activity resumed, time: 490883909
04-13 13:12:11.202 24162 24194 I FA      : Tag Manager is not found and thus will not be used
04-13 13:12:11.220 24162 24162 V FA      : Local AppMeasurementService is starting up
04-13 13:12:11.240 24162 24194 V FA      : Connection attempt already in progress
04-13 13:12:11.241 24162 24194 V FA      : Connection attempt already in progress
04-13 13:12:11.323 24162 24204 D HostConnection: HostConnection::get() New Host Connection established 0xd9bd1500, tid 24204
04-13 13:12:11.326 24162 24194 V FA      : Nothing to upload or uploading impossible
04-13 13:12:11.326 24162 24194 V FA      : Unscheduling upload
04-13 13:12:11.349 24162 24204 D HostConnection: HostComposition ext ANDROID_EMU_CHECKSUM_HELPER_v1 ANDROID_EMU_native_sync_v2 ANDROID_EMU_native_sync_v3 ANDROID_EMU_native_sync_v4 ANDROID_EMU_dma_v1 ANDROID_EMU_direct_mem ANDROID_EMU_host_composition_v1 ANDROID_EMU_host_composition_v2 ANDROID_EMU_vulkan ANDROID_EMU_deferred_vulkan_commands ANDROID_EMU_vulkan_null_optional_strings ANDROID_EMU_vulkan_create_resources_with_requirements ANDROID_EMU_YUV_Cache ANDROID_EMU_vulkan_ignored_handles ANDROID_EMU_has_shared_slots_host_memory_allocator ANDROID_EMU_vulkan_free_memory_sync ANDROID_EMU_vulkan_shader_float16_int8 ANDROID_EMU_vulkan_async_queue_submit ANDROID_EMU_sync_buffer_data ANDROID_EMU_read_color_buffer_dma GL_OES_vertex_array_object GL_KHR_texture_compression_astc_ldr ANDROID_EMU_host_side_tracing ANDROID_EMU_gles_max_version_2
04-13 13:12:11.354   172   172 I hwservicemanager: getTransport: Cannot find entry android.hardware.configstore@1.0::ISurfaceFlingerConfigs/default in either framework or device manifest.
04-13 13:12:11.355 24162 24204 W OpenGLRenderer: Failed to choose config with EGL_SWAP_BEHAVIOR_PRESERVED, retrying without...
04-13 13:12:11.368 24162 24204 D EGL_emulation: eglCreateContext: 0xd9bd3db0: maj 2 min 0 rcv 2
04-13 13:12:11.407 24162 24204 D EGL_emulation: eglMakeCurrent: 0xd9bd3db0: ver 2 0 (tinfo 0xd9a44390) (first time)
04-13 13:12:11.415   306   306 D goldfish-address-space: claimShared: Ask to claim region [0x3ed348000 0x3edcec000]
04-13 13:12:11.419   172   172 I hwservicemanager: getTransport: Cannot find entry android.hardware.graphics.mapper@4.0::IMapper/default in either framework or device manifest.
04-13 13:12:11.419 24162 24204 I Gralloc4: mapper 4.x is not supported
04-13 13:12:11.420 24162 24204 D HostConnection: createUnique: call
04-13 13:12:11.421 24162 24204 D HostConnection: HostConnection::get() New Host Connection established 0xd9bd3b80, tid 24204
04-13 13:12:11.422 24162 24204 D goldfish-address-space: allocate: Ask for block of size 0x100
04-13 13:12:11.422 24162 24204 D goldfish-address-space: allocate: ioctl allocate returned offset 0x3ebffe000 size 0x2000
04-13 13:12:11.428 24162 24204 D HostConnection: HostComposition ext ANDROID_EMU_CHECKSUM_HELPER_v1 ANDROID_EMU_native_sync_v2 ANDROID_EMU_native_sync_v3 ANDROID_EMU_native_sync_v4 ANDROID_EMU_dma_v1 ANDROID_EMU_direct_mem ANDROID_EMU_host_composition_v1 ANDROID_EMU_host_composition_v2 ANDROID_EMU_vulkan ANDROID_EMU_deferred_vulkan_commands ANDROID_EMU_vulkan_null_optional_strings ANDROID_EMU_vulkan_create_resources_with_requirements ANDROID_EMU_YUV_Cache ANDROID_EMU_vulkan_ignored_handles ANDROID_EMU_has_shared_slots_host_memory_allocator ANDROID_EMU_vulkan_free_memory_sync ANDROID_EMU_vulkan_shader_float16_int8 ANDROID_EMU_vulkan_async_queue_submit ANDROID_EMU_sync_buffer_data ANDROID_EMU_read_color_buffer_dma GL_OES_vertex_array_object GL_KHR_texture_compression_astc_ldr ANDROID_EMU_host_side_tracing ANDROID_EMU_gles_max_version_2
04-13 13:12:11.435   306   306 D goldfish-address-space: claimShared: Ask to claim region [0x3edcec000 0x3ee690000]
04-13 13:12:11.441   306   306 D goldfish-address-space: claimShared: Ask to claim region [0x3f0000000 0x3f09a4000]
04-13 13:12:11.496 24162 24162 V FA      : Bound to IMeasurementService interface
04-13 13:12:11.497 24162 24194 V FA      : Connected to service
04-13 13:12:11.498 24162 24194 V FA      : Processing queued up service tasks: 5
04-13 13:12:11.499   528   555 D ArtManagerInternalImpl: /data/misc/iorapd/com.example.ezinvoicebusiness/1/com.example.ezinvoicebusiness.LoginActivity/compiled_traces/compiled_trace.pb doesn't exist
04-13 13:12:11.501   528   550 D EventSequenceValidator: dec AccIntentStartedEvents to 1
04-13 13:12:11.504   528   555 I ActivityTaskManager: Displayed com.example.ezinvoicebusiness/.LoginActivity: +785ms
04-13 13:12:11.508 24162 24194 V FA      : Storage concurrent access okay
04-13 13:12:11.561 24162 24162 I AssistStructure: Flattened final assist data: 2164 bytes, containing 1 windows, 12 views
04-13 13:12:11.569  1170  1170 W kqw     : Pending fill request while another request in the same session was triggered. [CONTEXT service_id=177 ]
04-13 13:12:11.614 24162 24194 V FA      : Parsed config. version, gmp_app_id: 1649521522964966, 1:552605118073:android:91260e94d3a3e877a56ea8
04-13 13:12:11.620 24162 24194 D FA      : Unable to get advertising id: com.google.android.gms.common.GooglePlayServicesNotAvailableException: com.google.android.gms.measurement.internal.zzjo.zza(com.google.android.gms:play-services-measurement@@20.1.1:10)
04-13 13:12:11.626   946   946 V InlineSuggestionRenderService: handleDestroySuggestionViews called for 0:1528252087
04-13 13:12:11.658 24162 24192 D EventInjectionStrategy: Creating injection strategy with input manager.
04-13 13:12:11.659 24162 24192 W invoicebusines: Accessing hidden method Landroid/hardware/input/InputManager;->getInstance()Landroid/hardware/input/InputManager; (greylist, reflection, allowed)
04-13 13:12:11.659 24162 24192 W invoicebusines: Accessing hidden method Landroid/hardware/input/InputManager;->injectInputEvent(Landroid/view/InputEvent;I)Z (greylist, reflection, allowed)
04-13 13:12:11.659 24162 24192 W invoicebusines: Accessing hidden field Landroid/hardware/input/InputManager;->INJECT_INPUT_EVENT_MODE_WAIT_FOR_FINISH:I (greylist, reflection, allowed)
04-13 13:12:11.694 24162 24162 W invoicebusines: Accessing hidden method Landroid/os/MessageQueue;->next()Landroid/os/Message; (greylist, reflection, allowed)
04-13 13:12:11.694 24162 24162 W invoicebusines: Accessing hidden field Landroid/os/MessageQueue;->mMessages:Landroid/os/Message; (greylist, reflection, allowed)
04-13 13:12:11.695 24162 24162 W invoicebusines: Accessing hidden method Landroid/os/Message;->recycleUnchecked()V (greylist, reflection, allowed)
04-13 13:12:11.695 24162 24194 V FA      : Logging event: origin=auto,name=screen_view(_vs),params=Bundle[{ga_event_origin(_o)=auto, ga_screen_class(_sc)=LoginActivity, ga_screen_id(_si)=2197716053296416411}]
04-13 13:12:11.717 24162 24162 W invoicebusines: Accessing hidden method Landroid/view/WindowManagerGlobal;->getInstance()Landroid/view/WindowManagerGlobal; (greylist, reflection, allowed)
04-13 13:12:11.717 24162 24162 W invoicebusines: Accessing hidden field Landroid/view/WindowManagerGlobal;->mViews:Ljava/util/ArrayList; (greylist, reflection, allowed)
04-13 13:12:11.718 24162 24162 W invoicebusines: Accessing hidden field Landroid/view/WindowManagerGlobal;->mParams:Ljava/util/ArrayList; (greylist, reflection, allowed)
04-13 13:12:11.729 24162 24162 I ViewInteraction: Performing 'replace text(business@email.com)' action on view (view.getId() is <2131230943/com.example.ezinvoicebusiness:id/email> and Child at position 1 in parent Child at position 0 in parent view.getId() is <16908290/android:id/content> and (view has effective visibility <VISIBLE> and view.getGlobalVisibleRect() to return non-empty rectangle))
04-13 13:12:11.748 24162 24162 I ViewInteraction: Performing 'close keyboard' action on view (view.getId() is <2131230943/com.example.ezinvoicebusiness:id/email> and Child at position 1 in parent Child at position 0 in parent view.getId() is <16908290/android:id/content> and (view has effective visibility <VISIBLE> and view.getGlobalVisibleRect() to return non-empty rectangle))
04-13 13:12:11.752 24162 24162 W CloseKeyboardAction: Attempting to close soft keyboard, while it is not shown.
04-13 13:12:11.759 24162 24162 I ViewInteraction: Performing 'replace text(password)' action on view (view.getId() is <2131231130/com.example.ezinvoicebusiness:id/password> and Child at position 2 in parent Child at position 0 in parent view.getId() is <16908290/android:id/content> and (view has effective visibility <VISIBLE> and view.getGlobalVisibleRect() to return non-empty rectangle))
04-13 13:12:11.767 24162 24194 I TetheringManager: registerTetheringEventCallback:com.example.ezinvoicebusiness
04-13 13:12:11.770 24162 24194 V FA      : Upload scheduled in approximately ms: 3470334
04-13 13:12:11.774 24162 24194 V FA      : Unscheduling upload
04-13 13:12:11.777 24162 24194 V FA      : Scheduling upload, millis: 3470334
04-13 13:12:11.779 24162 24162 I ViewInteraction: Performing 'close keyboard' action on view (view.getId() is <2131231130/com.example.ezinvoicebusiness:id/password> and Child at position 2 in parent Child at position 0 in parent view.getId() is <16908290/android:id/content> and (view has effective visibility <VISIBLE> and view.getGlobalVisibleRect() to return non-empty rectangle))
04-13 13:12:11.779 24162 24162 W CloseKeyboardAction: Attempting to close soft keyboard, while it is not shown.
04-13 13:12:11.784 24162 24192 W invoicebusines: Accessing hidden method Landroid/view/ViewConfiguration;->getDoubleTapMinTime()I (greylist, reflection, allowed)
04-13 13:12:11.785 24162 24194 V FA      : Background event processing time, ms: 90
04-13 13:12:11.795 24162 24162 I ViewInteraction: Performing 'single click' action on view (view.getId() is <2131230838/com.example.ezinvoicebusiness:id/btn_login> and an instance of android.widget.TextView and view.getText() with or without transformation to match: is "Login" and Child at position 3 in parent Child at position 0 in parent view.getId() is <16908290/android:id/content> and (view has effective visibility <VISIBLE> and view.getGlobalVisibleRect() to return non-empty rectangle))
04-13 13:12:11.807 24162 24194 V FA      : Saving default event parameters, appId, data size: com.example.ezinvoicebusiness, 2
04-13 13:12:11.859   528  3020 I system_server: oneway function results will be dropped but finished with status OK and parcel size 4
04-13 13:12:11.860   528  3020 I system_server: oneway function results will be dropped but finished with status OK and parcel size 4
04-13 13:12:11.883 24162 24217 W System  : Ignoring header X-Firebase-Locale because its value was null.
04-13 13:12:11.995   528  3020 I system_server: oneway function results will be dropped but finished with status OK and parcel size 4
04-13 13:12:12.246 24162 24162 I ViewInteraction: Checking 'MatchesViewAssertion{viewMatcher=an instance of android.widget.TextView and view.getText() with or without transformation to match: is "My Invoices"}' assertion on view (view.getId() is <2131231269/com.example.ezinvoicebusiness:id/titleMyInvoices> and an instance of android.widget.TextView and view.getText() with or without transformation to match: is "My Invoices" and view.getParent() view.getParent() view.getId() is <2131231090> and (view has effective visibility <VISIBLE> and view.getGlobalVisibleRect() to return non-empty rectangle))
04-13 13:12:12.246 24162 24162 E ViewAssertions: 'an instance of android.widget.TextView and view.getText() with or without transformation to match: is "My Invoices"' check could not be performed because view '(view.getId() is <2131231269/com.example.ezinvoicebusiness:id/titleMyInvoices> and an instance of android.widget.TextView and view.getText() with or without transformation to match: is "My Invoices" and view.getParent() view.getParent() view.getId() is <2131231090> and (view has effective visibility <VISIBLE> and view.getGlobalVisibleRect() to return non-empty rectangle))' was not found.
04-13 13:12:12.260   306   306 D goldfish-address-space: claimShared: Ask to claim region [0x3ec000000 0x3ec9a4000]
04-13 13:12:12.277 24162 24162 W invoicebusines: Accessing hidden field Landroid/app/Activity;->mResultCode:I (greylist, reflection, allowed)
04-13 13:12:12.277 24162 24162 W invoicebusines: Accessing hidden field Landroid/app/Activity;->mResultData:Landroid/content/Intent; (greylist, reflection, allowed)
04-13 13:12:12.282 24162 24162 D LifecycleMonitor: Lifecycle status change: com.example.ezinvoicebusiness.LoginActivity@ff0a4a6 in: PAUSED
04-13 13:12:12.283   528  2766 D HostConnection: HostConnection::get() New Host Connection established 0xb6109000, tid 2766
04-13 13:12:12.286   528  4459 W InputReader: Device virtio_input_multi_touch_9 is associated with display ADISPLAY_ID_NONE.
04-13 13:12:12.286   528  4459 W InputReader: Device virtio_input_multi_touch_7 is associated with display ADISPLAY_ID_NONE.
04-13 13:12:12.286   528  4459 W InputReader: Device virtio_input_multi_touch_10 is associated with display ADISPLAY_ID_NONE.
04-13 13:12:12.286   528  4459 W InputReader: Device virtio_input_multi_touch_4 is associated with display ADISPLAY_ID_NONE.
04-13 13:12:12.286   528  4459 W InputReader: Device virtio_input_multi_touch_11 is associated with display ADISPLAY_ID_NONE.
04-13 13:12:12.286   528  4459 W InputReader: Device virtio_input_multi_touch_5 is associated with display ADISPLAY_ID_NONE.
04-13 13:12:12.286   528  4459 W InputReader: Device virtio_input_multi_touch_2 is associated with display ADISPLAY_ID_NONE.
04-13 13:12:12.289   528  4459 W InputReader: Device virtio_input_multi_touch_6 is associated with display ADISPLAY_ID_NONE.
04-13 13:12:12.289   528  4459 W InputReader: Device virtio_input_multi_touch_3 is associated with display ADISPLAY_ID_NONE.
04-13 13:12:12.289   528  4459 W InputReader: Device virtio_input_multi_touch_8 is associated with display ADISPLAY_ID_NONE.
04-13 13:12:12.290   528  4459 W InputReader: Device virtio_input_multi_touch_9 is associated with display ADISPLAY_ID_NONE.
04-13 13:12:12.290   528  4459 W InputReader: Device virtio_input_multi_touch_7 is associated with display ADISPLAY_ID_NONE.
04-13 13:12:12.290   528  4459 W InputReader: Device virtio_input_multi_touch_10 is associated with display ADISPLAY_ID_NONE.
04-13 13:12:12.290   528  4459 W InputReader: Device virtio_input_multi_touch_4 is associated with display ADISPLAY_ID_NONE.
04-13 13:12:12.290   528  4459 W InputReader: Device virtio_input_multi_touch_11 is associated with display ADISPLAY_ID_NONE.
04-13 13:12:12.290   528  4459 W InputReader: Device virtio_input_multi_touch_5 is associated with display ADISPLAY_ID_NONE.
04-13 13:12:12.290   528  4459 W InputReader: Device virtio_input_multi_touch_2 is associated with display ADISPLAY_ID_NONE.
04-13 13:12:12.291   528  4459 W InputReader: Device virtio_input_multi_touch_6 is associated with display ADISPLAY_ID_NONE.
04-13 13:12:12.291   528  4459 W InputReader: Device virtio_input_multi_touch_3 is associated with display ADISPLAY_ID_NONE.
04-13 13:12:12.291   528  4459 W InputReader: Device virtio_input_multi_touch_8 is associated with display ADISPLAY_ID_NONE.
04-13 13:12:12.292   528  2766 D HostConnection: HostComposition ext ANDROID_EMU_CHECKSUM_HELPER_v1 ANDROID_EMU_native_sync_v2 ANDROID_EMU_native_sync_v3 ANDROID_EMU_native_sync_v4 ANDROID_EMU_dma_v1 ANDROID_EMU_direct_mem ANDROID_EMU_host_composition_v1 ANDROID_EMU_host_composition_v2 ANDROID_EMU_vulkan ANDROID_EMU_deferred_vulkan_commands ANDROID_EMU_vulkan_null_optional_strings ANDROID_EMU_vulkan_create_resources_with_requirements ANDROID_EMU_YUV_Cache ANDROID_EMU_vulkan_ignored_handles ANDROID_EMU_has_shared_slots_host_memory_allocator ANDROID_EMU_vulkan_free_memory_sync ANDROID_EMU_vulkan_shader_float16_int8 ANDROID_EMU_vulkan_async_queue_submit ANDROID_EMU_sync_buffer_data ANDROID_EMU_read_color_buffer_dma GL_OES_vertex_array_object GL_KHR_texture_compression_astc_ldr ANDROID_EMU_host_side_tracing ANDROID_EMU_gles_max_version_2
04-13 13:12:12.292   528  2766 W OpenGLRenderer: Failed to choose config with EGL_SWAP_BEHAVIOR_PRESERVED, retrying without...
04-13 13:12:12.297 24162 24194 V FA      : Recording user engagement, ms: 1086
04-13 13:12:12.298 24162 24192 E TestRunner: failed: Test3_successfulLogin(com.example.ezinvoicebusiness.espressotests.LoginTests.LoginTests)
04-13 13:12:12.298 24162 24192 E TestRunner: ----- begin exception -----
04-13 13:12:12.301 24162 24192 E TestRunner: androidx.test.espresso.NoMatchingViewException: No views in hierarchy found matching: (view.getId() is <2131231269/com.example.ezinvoicebusiness:id/titleMyInvoices> and an instance of android.widget.TextView and view.getText() with or without transformation to match: is "My Invoices" and view.getParent() view.getParent() view.getId() is <2131231090> and (view has effective visibility <VISIBLE> and view.getGlobalVisibleRect() to return non-empty rectangle))
04-13 13:12:12.301 24162 24192 E TestRunner:
04-13 13:12:12.301 24162 24192 E TestRunner: View Hierarchy:
04-13 13:12:12.301 24162 24192 E TestRunner: +>DecorView{id=-1, visibility=VISIBLE, width=1080, height=2340, has-focus=true, has-focusable=true, has-window-focus=true, is-clickable=false, is-enabled=true, is-focused=false, is-focusable=false, is-layout-requested=false, is-selected=false, layout-params={(0,0)(fillxfill) ty=BASE_APPLICATION wanim=0x10302fe
04-13 13:12:12.301 24162 24192 E TestRunner:   fl=LAYOUT_IN_SCREEN LAYOUT_INSET_DECOR SPLIT_TOUCH HARDWARE_ACCELERATED DRAWS_SYSTEM_BAR_BACKGROUNDS
04-13 13:12:12.301 24162 24192 E TestRunner:   pfl=FORCE_DRAW_STATUS_BAR_BACKGROUND FIT_INSETS_CONTROLLED
04-13 13:12:12.301 24162 24192 E TestRunner:   fitSides=}, tag=null, root-is-layout-requested=false, has-input-connection=false, x=0.0, y=0.0, child-count=3}
04-13 13:12:12.301 24162 24192 E TestRunner: |
04-13 13:12:12.301 24162 24192 E TestRunner: +->LinearLayout{id=-1, visibility=VISIBLE, width=1080, height=2208, has-focus=true, has-focusable=true, has-window-focus=true, is-clickable=false, is-enabled=true, is-focused=false, is-focusable=false, is-layout-requested=false, is-selected=false, layout-params=android.widget.FrameLayout$LayoutParams@6954a69, tag=null, root-is-layout-requested=false, has-input-connection=false, x=0.0, y=0.0, child-count=2}
04-13 13:12:12.301 24162 24192 E TestRunner: |
04-13 13:12:12.301 24162 24192 E TestRunner: +-->ViewStub{id=16908719, res-name=action_mode_bar_stub, visibility=GONE, width=0, height=0, has-focus=false, has-focusable=false, has-window-focus=true, is-clickable=false, is-enabled=true, is-focused=false, is-focusable=false, is-layout-requested=true, is-selected=false, layout-params=android.widget.LinearLayout$LayoutParams@72dcee, tag=null, root-is-layout-requested=false, has-input-connection=false, x=0.0, y=0.0}
04-13 13:12:12.301 24162 24192 E TestRunner: |
04-13 13:12:12.301 24162 24192 E TestRunner: +-->FrameLayout{id=-1, visibility=VISIBLE, width=1080, height=2072, has-focus=true, has-focusable=true, has-window-focus=true, is-clickable=false, is-enabled=true, is-focused=false, is-focusable=false, is-layout-requested=false, is-selected=false, layout-params=android.widget.LinearLayout$LayoutParams@67be01c, tag=null, root-is-layout-requested=false, has-input-connection=false, x=0.0, y=136.0, child-count=1}
04-13 13:12:12.301 24162 24192 E TestRunner: |
04-13 13:12:12.301 24162 24192 E TestRunner: +--->ActionBarOverlayLayout{id=2131230908, res-name=decor_content_parent, visibility=VISIBLE, width=1080, height=2072, has-focus=true, has-focusable=true, has-window-focus=true, is-clickable=false, is-enabled=true, is-focused=false, is-focusable=false, is-layout-requested=false, is-selected=false, layout-params=android.widget.FrameLayout$LayoutParams@2af2425, tag=null, root-is-layout-requested=false, has-input-connection=false, x=0.0, y=0.0, child-count=2}
04-13 13:12:12.301 24162 24192 E TestRunner: |
04-13 13:12:12.301 24162 24192 E TestRunner: +---->ContentFrameLayout{id=16908290, res-name=content, visibility=VISIBLE, width=1080, height=1918, has-focus=true, has-focusable=true, has-window-focus=true, is-clickable=false, is-enabled=true, is-focused=false, is-focusable=false, is-layout-requested=false, is-selected=false, layout-params=androidx.appcompat.widget.ActionBarOverlayLayout$LayoutParams@2da2bab, tag=null, root-is-layout-requested=false, has-input-connection=false, x=0.0, y=154.0, child-count=1}
04-13 13:12:12.301 24162 24192 E TestRunner: |
04-13 13:12:12.301 24162 24192 E TestRunner: +----->ConstraintLayout{id=-1, visibility=VISIBLE, width=1080, height=1918, has-focus=true, has-focusable=true, has-window-focus=true, is-clickable=false, is-enabled=true, is-focused=false, is-focusable=false, is-layout-requested=false, is-selected=false, layout-params=android.widget.FrameLayout$LayoutParams@5d2dda1, tag=null, root-is-layout-requested=false, has-input-connection=false, x=0.0, y=0.0, child-count=7}
04-13 13:12:12.301 24162 24192 E TestRunner: |
04-13 13:12:12.301 24162 24192 E TestRunner: +------>AppCompatImageView{id=2131231027, res-name=logo, visibility=VISIBLE, width=413, height=413, has-focus=false, has-focusable=false, has-window-focus=true, is-clickable=false, is-enabled=true, is-focused=false, is-focusable=false, is-layout-requested=false, is-selected=false, layout-params=androidx.constraintlayout.widget.ConstraintLayout$LayoutParams@5d59bc6, tag=null, root-is-layout-requested=false, has-input-connection=false, x=334.0, y=200.0}
04-13 13:12:12.301 24162 24192 E TestRunner: |
04-13 13:12:12.301 24162 24192 E TestRunner: +------>AppCompatEditText{id=2131230943, res-name=email, visibility=VISIBLE, width=1045, height=124, has-focus=true, has-focusable=true, has-window-focus=true, is-clickable=true, is-enabled=true, is-focused=true, is-focusable=true, is-layout-requested=false, is-selected=false, layout-params=androidx.constraintlayout.widget.ConstraintLayout$LayoutParams@77a16b4, tag=null, root-is-layout-requested=false, has-input-connection=true, editor-info=[inputType=0x21 imeOptions=0x8000005 privateImeOptions=null actionLabel=null actionId=0 initialSelStart=0 initialSelEnd=0 initialCapsMode=0x0 hintText=Email label=null packageName=null autofillId=null fieldId=0 fieldName=null extras=null hintLocales=null contentMimeTypes=null ], x=18.0, y=669.0, text=business@email.com, hint=Email, input-type=33, ime-target=true, has-links=false}
04-13 13:12:12.301 24162 24192 E TestRunner: |
04-13 13:12:12.301 24162 24192 E TestRunner: +------>AppCompatEditText{id=2131231130, res-name=password, visibility=VISIBLE, width=1045, height=124, has-focus=false, has-focusable=true, has-window-focus=true, is-clickable=true, is-enabled=true, is-focused=false, is-focusable=true, is-layout-requested=false, is-selected=false, layout-params=androidx.constraintlayout.widget.ConstraintLayout$LayoutParams@51eb2dd, tag=null, root-is-layout-requested=false, has-input-connection=true, editor-info=[inputType=0x81 imeOptions=0x4000006 privateImeOptions=null actionLabel=null actionId=0 initialSelStart=0 initialSelEnd=0 initialCapsMode=0x0 hintText=Password label=null packageName=null autofillId=null fieldId=0 fieldName=null extras=null hintLocales=null contentMimeTypes=null ], x=18.0, y=850.0, text=password, hint=Password, input-type=129, ime-target=false, has-links=false}
04-13 13:12:12.301 24162 24192 E TestRunner: |
04-13 13:12:12.301 24162 24192 E TestRunner: +------>MaterialButton{id=2131230838, res-name=btn_login, visibility=VISIBLE, width=440, height=138, has-focus=false, has-focusable=true, has-window-focus=true, is-clickable=true, is-enabled=true, is-focused=false, is-focusable=true, is-layout-requested=false, is-selected=false, layout-params=androidx.constraintlayout.widget.ConstraintLayout$LayoutParams@c7fae52, tag=null, root-is-layout-requested=false, has-input-connection=false, x=320.0, y=1030.0, text=Login, input-type=0, ime-target=false, has-links=false, is-checked=false}
04-13 13:12:12.301 24162 24192 E TestRunner: |
04-13 13:12:12.301 24162 24192 E TestRunner: +------>MaterialButton{id=2131230840, res-name=btn_signup, visibility=VISIBLE, width=511, height=132, has-focus=false, has-focusable=true, has-window-focus=true, is-clickable=true, is-enabled=true, is-focused=false, is-focusable=true, is-layout-requested=false, is-selected=false, layout-params=androidx.constraintlayout.widget.ConstraintLayout$LayoutParams@ee66523, tag=null, root-is-layout-requested=false, has-input-connection=false, x=537.0, y=1225.0, text=New User? Register, input-type=0, ime-target=false, has-links=false, is-checked=false}
04-13 13:12:12.301 24162 24192 E TestRunner: |
04-13 13:12:12.301 24162 24192 E TestRunner: +------>MaterialButton{id=2131230839, res-name=btn_reset_password, visibility=VISIBLE, width=473, height=132, has-focus=false, has-focusable=true, has-window-focus=true, is-clickable=true, is-enabled=true, is-focused=false, is-focusable=true, is-layout-requested=false, is-selected=false, layout-params=androidx.constraintlayout.widget.ConstraintLayout$LayoutParams@6fbea20, tag=null, root-is-layout-requested=false, has-input-connection=false, x=32.0, y=1225.0, text=Forgot password?, input-type=0, ime-target=false, has-links=false, is-checked=false}
04-13 13:12:12.301 24162 24192 E TestRunner: |
04-13 13:12:12.301 24162 24192 E TestRunner: +------>ProgressBar{id=2131231143, res-name=progressBar, visibility=INVISIBLE, width=550, height=83, has-focus=false, has-focusable=false, has-window-focus=true, is-clickable=false, is-enabled=true, is-focused=false, is-focusable=false, is-layout-requested=false, is-selected=false, layout-params=androidx.constraintlayout.widget.ConstraintLayout$LayoutParams@f589fd9, tag=null, root-is-layout-requested=false, has-input-connection=false, x=265.0, y=58.0}
04-13 13:12:12.301 24162 24192 E TestRunner: |
04-13 13:12:12.301 24162 24192 E TestRunner: +---->ActionBarContainer{id=2131230774, res-name=action_bar_container, visibility=VISIBLE, width=1080, height=154, has-focus=false, has-focusable=false, has-window-focus=true, is-clickable=false, is-enabled=true, is-focused=false, is-focusable=false, is-layout-requested=false, is-selected=false, layout-params=androidx.appcompat.widget.ActionBarOverlayLayout$LayoutParams@305884c, tag=null, root-is-layout-requested=false, has-input-connection=false, x=0.0, y=0.0, child-count=2}
04-13 13:12:12.301 24162 24192 E TestRunner: |
04-13 13:12:12.301 24162 24192 E TestRunner: +----->Toolbar{id=2131230772, res-name=action_bar, visibility=VISIBLE, width=1080, height=154, has-focus=false, has-focusable=false, has-window-focus=true, is-clickable=false, is-enabled=true, is-focused=false, is-focusable=false, is-layout-requested=false, is-selected=false, layout-params=android.widget.FrameLayout$LayoutParams@faa6095, tag=null, root-is-layout-requested=false, has-input-connection=false, x=0.0, y=0.0, child-count=2}
04-13 13:12:12.301 24162 24192 E TestRunner: |
04-13 13:12:12.301 24162 24192 E TestRunner: +------>AppCompatTextView{id=-1, visibility=VISIBLE, width=789, height=74, has-focus=false, has-focusable=false, has-window-focus=true, is-clickable=false, is-enabled=true, is-focused=false, is-focusable=false, is-layout-requested=false, is-selected=false, layout-params=androidx.appcompat.widget.Toolbar$LayoutParams@d36b5aa, tag=null, root-is-layout-requested=false, has-input-connection=false, x=44.0, y=40.0, text=Login to access the application, input-type=0, ime-target=false, has-links=false}
04-13 13:12:12.301 24162 24192 E TestRunner: |
04-13 13:12:12.301 24162 24192 E TestRunner: +------>ActionMenuView{id=-1, visibility=VISIBLE, width=0, height=154, has-focus=false, has-focusable=false, has-window-focus=true, is-clickable=false, is-enabled=true, is-focused=false, is-focusable=false, is-layout-requested=false, is-selected=false, layout-params=androidx.appcompat.widget.Toolbar$LayoutParams@721559b, tag=null, root-is-layout-requested=false, has-input-connection=false, x=1080.0, y=0.0, child-count=0}
04-13 13:12:12.301 24162 24192 E TestRunner: |
04-13 13:12:12.301 24162 24192 E TestRunner: +----->ActionBarContextView{id=2131230780, res-name=action_context_bar, visibility=GONE, width=0, height=0, has-focus=false, has-focusable=false, has-window-focus=true, is-clickable=false, is-enabled=true, is-focused=false, is-focusable=false, is-layout-requested=true, is-selected=false, layout-params=android.widget.FrameLayout$LayoutParams@228dd38, tag=null, root-is-layout-requested=false, has-input-connection=false, x=0.0, y=0.0, child-count=0}
04-13 13:12:12.301 24162 24192 E TestRunner: |
04-13 13:12:12.301 24162 24192 E TestRunner: +->View{id=16908336, res-name=navigationBarBackground, visibility=VISIBLE, width=1080, height=132, has-focus=false, has-focusable=false, has-window-focus=true, is-clickable=false, is-enabled=true, is-focused=false, is-focusable=false, is-layout-requested=false, is-selected=false, layout-params=android.widget.FrameLayout$LayoutParams@1d7111, tag=null, root-is-layout-requested=false, has-input-connection=false, x=0.0, y=2208.0}
04-13 13:12:12.301 24162 24192 E TestRunner: |
04-13 13:12:12.301 24162 24192 E TestRunner: +->View{id=16908335, res-name=statusBarBackground, visibility=VISIBLE, width=1080, height=136, has-focus=false, has-focusable=false, has-window-focus=true, is-clickable=false, is-enabled=true, is-focused=false, is-focusable=false, is-layout-requested=false, is-selected=false, layout-params=android.widget.FrameLayout$LayoutParams@9228276, tag=null, root-is-layout-requested=false, has-input-connection=false, x=0.0, y=0.0}
04-13 13:12:12.301 24162 24192 E TestRunner: 	at dalvik.system.VMStack.getThreadStackTrace(Native Method)
04-13 13:12:12.301 24162 24192 E TestRunner: 	at java.lang.Thread.getStackTrace(Thread.java:1736)
04-13 13:12:12.301 24162 24192 E TestRunner: 	at androidx.test.espresso.base.DefaultFailureHandler.getUserFriendlyError(DefaultFailureHandler.java:12)
04-13 13:12:12.301 24162 24192 E TestRunner: 	at androidx.test.espresso.base.DefaultFailureHandler.handle(DefaultFailureHandler.java:7)
04-13 13:12:12.301 24162 24192 E TestRunner: 	at androidx.test.espresso.ViewInteraction.waitForAndHandleInteractionResults(ViewInteraction.java:8)
04-13 13:12:12.301 24162 24192 E TestRunner: 	at androidx.test.espresso.ViewInteraction.check(ViewInteraction.java:12)
04-13 13:12:12.301 24162 24192 E TestRunner: 	at com.example.ezinvoicebusiness.espressotests.LoginTests.LoginTests.Test3_successfulLogin(LoginTests.java:160)
04-13 13:12:12.301 24162 24192 E TestRunner: 	at java.lang.reflect.Method.invoke(Native Method)
04-13 13:12:12.301 24162 24192 E TestRunner: 	at org.junit.runners.model.FrameworkMethod$1.runReflectiveCall(FrameworkMethod.java:59)
04-13 13:12:12.301 24162 24192 E TestRunner: 	at org.junit.internal.runners.model.ReflectiveCallable.run(ReflectiveCallable.java:12)
04-13 13:12:12.301 24162 24192 E TestRunner: 	at org.junit.runners.model.FrameworkMethod.invokeExplosively(FrameworkMethod.java:56)
04-13 13:12:12.301 24162 24192 E TestRunner: 	at org.junit.internal.runners.statements.InvokeMethod.evaluate(InvokeMethod.java:17)
04-13 13:12:12.301 24162 24192 E TestRunner: 	at androidx.test.rule.ActivityTestRule$ActivityStatement.evaluate(ActivityTestRule.java:549)
04-13 13:12:12.301 24162 24192 E TestRunner: 	at org.junit.runners.ParentRunner$3.evaluate(ParentRunner.java:306)
04-13 13:12:12.301 24162 24192 E TestRunner: 	at org.junit.runners.BlockJUnit4ClassRunner$1.evaluate(BlockJUnit4ClassRunner.java:100)
04-13 13:12:12.301 24162 24192 E TestRunner: 	at org.junit.runners.ParentRunner.runLeaf(ParentRunner.java:366)
04-13 13:12:12.301 24162 24192 E TestRunner: 	at org.junit.runners.BlockJUnit4ClassRunner.runChild(BlockJUnit4ClassRunner.java:103)
04-13 13:12:12.301 24162 24192 E TestRunner: 	at org.junit.runners.BlockJUnit4ClassRunner.runChild(BlockJUnit4ClassRunner.java:63)
04-13 13:12:12.301 24162 24192 E TestRunner: 	at org.junit.runners.ParentRunner$4.run(ParentRunner.java:331)
04-13 13:12:12.301 24162 24192 E TestRunner: 	at org.junit.runners.ParentRunner$1.schedule(ParentRunner.java:79)
04-13 13:12:12.301 24162 24192 E TestRunner: 	at org.junit.runners.ParentRunner.runChildren(ParentRunner.java:329)
04-13 13:12:12.301 24162 24192 E TestRunner: 	at org.junit.runners.ParentRunner.access$100(ParentRunner.java:66)
04-13 13:12:12.301 24162 24192 E TestRunner: 	at org.junit.runners.ParentRunner$2.evaluate(ParentRunner.java:293)
04-13 13:12:12.301 24162 24192 E TestRunner: 	at org.junit.runners.ParentRunner$3.evaluate(ParentRunner.java:306)
04-13 13:12:12.301 24162 24192 E TestRunner: 	at org.junit.runners.ParentRunner.run(ParentRunner.java:413)
04-13 13:12:12.301 24162 24192 E TestRunner: 	at androidx.test.runner.AndroidJUnit4.run(AndroidJUnit4.java:104)
04-13 13:12:12.301 24162 24192 E TestRunner: 	at org.junit.runners.Suite.runChild(Suite.java:128)
04-13 13:12:12.301 24162 24192 E TestRunner: 	at org.junit.runners.Suite.runChild(Suite.java:27)
04-13 13:12:12.301 24162 24192 E TestRunner: 	at org.junit.runners.ParentRunner$4.run(ParentRunner.java:331)
04-13 13:12:12.301 24162 24192 E TestRunner: 	at org.junit.runners.ParentRunner$1.schedule(ParentRunner.java:79)
04-13 13:12:12.301 24162 24192 E TestRunner: 	at org.junit.runners.ParentRunner.runChildren(ParentRunner.java:329)
04-13 13:12:12.301 24162 24192 E TestRunner: 	at org.junit.runners.ParentRunner.access$100(ParentRunner.java:66)
04-13 13:12:12.301 24162 24192 E TestRunner: 	at org.junit.runners.ParentRunner$2.evaluate(ParentRunner.java:293)
04-13 13:12:12.301 24162 24192 E TestRunner: 	at org.junit.runners.ParentRunner$3.evaluate(ParentRunner.java:306)
04-13 13:12:12.301 24162 24192 E TestRunner: 	at org.junit.runners.ParentRunner.run(ParentRunner.java:413)
04-13 13:12:12.301 24162 24192 E TestRunner: 	at org.junit.runner.JUnitCore.run(JUnitCore.java:137)
04-13 13:12:12.301 24162 24192 E TestRunner: 	at org.junit.runner.JUnitCore.run(JUnitCore.java:115)
04-13 13:12:12.301 24162 24192 E TestRunner: 	at androidx.test.internal.runner.TestExecutor.execute(TestExecutor.java:56)
04-13 13:12:12.301 24162 24192 E TestRunner: 	at androidx.test.runner.AndroidJUnitRunner.onStart(AndroidJUnitRunner.java:444)
04-13 13:12:12.301 24162 24192 E TestRunner: 	at android.app.Instrumentation$InstrumentationThread.run(Instrumentation.java:2205)
04-13 13:12:12.301 24162 24192 E TestRunner: ----- end exception -----
04-13 13:12:12.306   528  2766 D EGL_emulation: eglCreateContext: 0xb6119df0: maj 2 min 0 rcv 2
04-13 13:12:12.310 24162 24192 I TestRunner: finished: Test3_successfulLogin(com.example.ezinvoicebusiness.espressotests.LoginTests.LoginTests)
